[debug] [2025-11-29T07:05:14.504Z] ----------------------------------------------------------------------
[debug] [2025-11-29T07:05:14.513Z] Command:       C:\Program Files\nodejs\node.exe C:\Users\FatCat\AppData\Roaming\npm\node_modules\firebase-tools\lib\bin\firebase.js deploy --only functions
[debug] [2025-11-29T07:05:14.514Z] CLI Version:   14.25.0
[debug] [2025-11-29T07:05:14.514Z] Platform:      win32
[debug] [2025-11-29T07:05:14.514Z] Node Version:  v24.11.1
[debug] [2025-11-29T07:05:14.514Z] Time:          Sat Nov 29 2025 14:05:14 GMT+0700 (Giờ Đông Dương)
[debug] [2025-11-29T07:05:14.514Z] ----------------------------------------------------------------------
[debug] 
[debug] [2025-11-29T07:05:14.517Z] >>> [apiv2][query] GET https://firebase-public.firebaseio.com/cli.json [none]
[debug] [2025-11-29T07:05:14.806Z] > command requires scopes: ["email","openid","https://www.googleapis.com/auth/cloudplatformprojects.readonly","https://www.googleapis.com/auth/firebase","https://www.googleapis.com/auth/cloud-platform"]
[debug] [2025-11-29T07:05:14.806Z] > authorizing via signed-in user (zoptemz22072005@gmail.com)
[debug] [2025-11-29T07:05:14.806Z] [iam] checking project timemaster-c6189 for permissions ["cloudfunctions.functions.create","cloudfunctions.functions.delete","cloudfunctions.functions.get","cloudfunctions.functions.list","cloudfunctions.functions.update","cloudfunctions.operations.get","firebase.projects.get"]
[debug] [2025-11-29T07:05:14.807Z] Checked if tokens are valid: false, expires at: 1763889515259
[debug] [2025-11-29T07:05:14.807Z] Checked if tokens are valid: false, expires at: 1763889515259
[debug] [2025-11-29T07:05:14.808Z] > refreshing access token with scopes: []
[debug] [2025-11-29T07:05:14.809Z] >>> [apiv2][query] POST https://www.googleapis.com/oauth2/v3/token [none]
[debug] [2025-11-29T07:05:14.809Z] >>> [apiv2][body] POST https://www.googleapis.com/oauth2/v3/token [omitted]
[debug] [2025-11-29T07:05:14.999Z] <<< [apiv2][status] POST https://www.googleapis.com/oauth2/v3/token 200
[debug] [2025-11-29T07:05:14.999Z] <<< [apiv2][body] POST https://www.googleapis.com/oauth2/v3/token [omitted]
[debug] [2025-11-29T07:05:15.005Z] >>> [apiv2][query] POST https://cloudresourcemanager.googleapis.com/v1/projects/timemaster-c6189:testIamPermissions [none]
[debug] [2025-11-29T07:05:15.005Z] >>> [apiv2][(partial)header] POST https://cloudresourcemanager.googleapis.com/v1/projects/timemaster-c6189:testIamPermissions x-goog-quota-user=projects/timemaster-c6189
[debug] [2025-11-29T07:05:15.005Z] >>> [apiv2][body] POST https://cloudresourcemanager.googleapis.com/v1/projects/timemaster-c6189:testIamPermissions {"permissions":["cloudfunctions.functions.create","cloudfunctions.functions.delete","cloudfunctions.functions.get","cloudfunctions.functions.list","cloudfunctions.functions.update","cloudfunctions.operations.get","firebase.projects.get"]}
[debug] [2025-11-29T07:05:15.245Z] <<< [apiv2][status] GET https://firebase-public.firebaseio.com/cli.json 200
[debug] [2025-11-29T07:05:15.245Z] <<< [apiv2][body] GET https://firebase-public.firebaseio.com/cli.json {"cloudBuildErrorAfter":1594252800000,"cloudBuildWarnAfter":1590019200000,"defaultNode10After":1594252800000,"minVersion":"3.0.5","node8DeploysDisabledAfter":1613390400000,"node8RuntimeDisabledAfter":1615809600000,"node8WarnAfter":1600128000000}
[debug] [2025-11-29T07:05:15.335Z] <<< [apiv2][status] POST https://cloudresourcemanager.googleapis.com/v1/projects/timemaster-c6189:testIamPermissions 200
[debug] [2025-11-29T07:05:15.335Z] <<< [apiv2][body] POST https://cloudresourcemanager.googleapis.com/v1/projects/timemaster-c6189:testIamPermissions {"permissions":["cloudfunctions.functions.create","cloudfunctions.functions.delete","cloudfunctions.functions.get","cloudfunctions.functions.list","cloudfunctions.functions.update","cloudfunctions.operations.get","firebase.projects.get"]}
[debug] [2025-11-29T07:05:15.335Z] Checked if tokens are valid: true, expires at: 1764403513999
[debug] [2025-11-29T07:05:15.335Z] Checked if tokens are valid: true, expires at: 1764403513999
[debug] [2025-11-29T07:05:15.336Z] >>> [apiv2][query] POST https://iam.googleapis.com/v1/projects/timemaster-c6189/serviceAccounts/timemaster-c6189@appspot.gserviceaccount.com:testIamPermissions [none]
[debug] [2025-11-29T07:05:15.336Z] >>> [apiv2][body] POST https://iam.googleapis.com/v1/projects/timemaster-c6189/serviceAccounts/timemaster-c6189@appspot.gserviceaccount.com:testIamPermissions {"permissions":["iam.serviceAccounts.actAs"]}
[debug] [2025-11-29T07:05:16.562Z] <<< [apiv2][status] POST https://iam.googleapis.com/v1/projects/timemaster-c6189/serviceAccounts/timemaster-c6189@appspot.gserviceaccount.com:testIamPermissions 200
[debug] [2025-11-29T07:05:16.563Z] <<< [apiv2][body] POST https://iam.googleapis.com/v1/projects/timemaster-c6189/serviceAccounts/timemaster-c6189@appspot.gserviceaccount.com:testIamPermissions {"permissions":["iam.serviceAccounts.actAs"]}
[info] 
[info] === Deploying to 'timemaster-c6189'...
[info] 
[info] i  deploying functions 
[debug] [2025-11-29T07:05:16.568Z] Checked if tokens are valid: true, expires at: 1764403513999
[debug] [2025-11-29T07:05:16.568Z] Checked if tokens are valid: true, expires at: 1764403513999
[debug] [2025-11-29T07:05:16.568Z] >>> [apiv2][query] GET https://cloudresourcemanager.googleapis.com/v1/projects/timemaster-c6189 [none]
[debug] [2025-11-29T07:05:16.811Z] <<< [apiv2][status] GET https://cloudresourcemanager.googleapis.com/v1/projects/timemaster-c6189 200
[debug] [2025-11-29T07:05:16.811Z] <<< [apiv2][body] GET https://cloudresourcemanager.googleapis.com/v1/projects/timemaster-c6189 {"projectNumber":"820539638477","projectId":"timemaster-c6189","lifecycleState":"ACTIVE","name":"TimeMaster","labels":{"firebase":"enabled","firebase-core":"disabled"},"createTime":"2025-11-04T06:42:22.635280Z"}
[info] i  functions: preparing codebase default for deployment 
[info] i  functions: ensuring required API cloudfunctions.googleapis.com is enabled... 
[info] i  functions: ensuring required API cloudbuild.googleapis.com is enabled... 
[info] i  artifactregistry: ensuring required API artifactregistry.googleapis.com is enabled... 
[debug] [2025-11-29T07:05:16.814Z] Checked if tokens are valid: true, expires at: 1764403513999
[debug] [2025-11-29T07:05:16.814Z] Checked if tokens are valid: true, expires at: 1764403513999
[debug] [2025-11-29T07:05:16.814Z] >>> [apiv2][query] GET https://firebase.googleapis.com/v1beta1/projects/timemaster-c6189/adminSdkConfig [none]
[debug] [2025-11-29T07:05:17.198Z] <<< [apiv2][status] GET https://firebase.googleapis.com/v1beta1/projects/timemaster-c6189/adminSdkConfig 200
[debug] [2025-11-29T07:05:17.198Z] <<< [apiv2][body] GET https://firebase.googleapis.com/v1beta1/projects/timemaster-c6189/adminSdkConfig {"projectId":"timemaster-c6189","storageBucket":"timemaster-c6189.firebasestorage.app"}
[debug] [2025-11-29T07:05:17.199Z] Checked if tokens are valid: true, expires at: 1764403513999
[debug] [2025-11-29T07:05:17.199Z] Checked if tokens are valid: true, expires at: 1764403513999
[debug] [2025-11-29T07:05:17.199Z] >>> [apiv2][query] GET https://runtimeconfig.googleapis.com/v1beta1/projects/timemaster-c6189/configs [none]
[debug] [2025-11-29T07:05:18.215Z] <<< [apiv2][status] GET https://runtimeconfig.googleapis.com/v1beta1/projects/timemaster-c6189/configs 200
[debug] [2025-11-29T07:05:18.215Z] <<< [apiv2][body] GET https://runtimeconfig.googleapis.com/v1beta1/projects/timemaster-c6189/configs {}
[debug] [2025-11-29T07:05:18.218Z] Validating nodejs source
[warn] !  functions: package.json indicates an outdated version of firebase-functions. Please upgrade using npm install --save firebase-functions@latest in your functions directory. 
[warn] !  functions: Please note that there will be breaking changes when you upgrade. 
[debug] [2025-11-29T07:05:19.639Z] > [functions] package.json contents: {
  "name": "functions",
  "description": "Cloud Functions for Firebase",
  "scripts": {
    "serve": "firebase emulators:start --only functions",
    "shell": "firebase functions:shell",
    "start": "npm run shell",
    "deploy": "firebase deploy --only functions",
    "logs": "firebase functions:log"
  },
  "engines": {
    "node": "20"
  },
  "main": "index.js",
  "dependencies": {
    "firebase-admin": "^11.8.0",
    "firebase-functions": "^4.3.1"
  },
  "devDependencies": {},
  "private": true
}
[debug] [2025-11-29T07:05:19.639Z] Building nodejs source
[info] i  functions: Loading and analyzing source code for codebase default to determine what to deploy 
[info] i  functions: You are using a version of firebase-functions SDK (4.9.0) that does not have support for the newest Firebase Extensions features. Please update firebase-functions SDK to >=5.1.0 to use them correctly 
[debug] [2025-11-29T07:05:19.641Z] Could not find functions.yaml. Must use http discovery
[debug] [2025-11-29T07:05:19.667Z] Found firebase-functions binary at 'D:\Tung\Code\Android\App Storage\FinalTermProject\TimeMaster\functions\node_modules\.bin\firebase-functions'
[info] Serving at port 8572

[debug] [2025-11-29T07:05:20.589Z] Got response from /__/functions.yaml {"endpoints":{"registerFaceEmbeddings":{"platform":"gcfv1","labels":{},"availableMemoryMb":null,"timeoutSeconds":null,"minInstances":null,"maxInstances":null,"ingressSettings":null,"serviceAccountEmail":null,"vpc":null,"callableTrigger":{},"entryPoint":"registerFaceEmbeddings"},"recordAttendance":{"platform":"gcfv1","labels":{},"availableMemoryMb":null,"timeoutSeconds":null,"minInstances":null,"maxInstances":null,"ingressSettings":null,"serviceAccountEmail":null,"vpc":null,"callableTrigger":{},"entryPoint":"recordAttendance"}},"specVersion":"v1alpha1","requiredAPIs":[]}
[info] i  functions: preparing functions directory for uploading... 
[info] i  functions: packaged D:\Tung\Code\Android\App Storage\FinalTermProject\TimeMaster\functions (2.99 KB) for uploading 
[debug] [2025-11-29T07:05:24.672Z] Checked if tokens are valid: true, expires at: 1764403513999
[debug] [2025-11-29T07:05:24.672Z] Checked if tokens are valid: true, expires at: 1764403513999
[debug] [2025-11-29T07:05:24.673Z] >>> [apiv2][query] GET https://cloudfunctions.googleapis.com/v1/projects/timemaster-c6189/locations/-/functions [none]
[debug] [2025-11-29T07:05:25.556Z] <<< [apiv2][status] GET https://cloudfunctions.googleapis.com/v1/projects/timemaster-c6189/locations/-/functions 200
[debug] [2025-11-29T07:05:25.557Z] <<< [apiv2][body] GET https://cloudfunctions.googleapis.com/v1/projects/timemaster-c6189/locations/-/functions {}
[debug] [2025-11-29T07:05:25.557Z] Checked if tokens are valid: true, expires at: 1764403513999
[debug] [2025-11-29T07:05:25.558Z] Checked if tokens are valid: true, expires at: 1764403513999
[debug] [2025-11-29T07:05:25.561Z] >>> [apiv2][query] GET https://cloudfunctions.googleapis.com/v2/projects/timemaster-c6189/locations/-/functions filter=environment%3D%22GEN_2%22
[debug] [2025-11-29T07:05:26.839Z] <<< [apiv2][status] GET https://cloudfunctions.googleapis.com/v2/projects/timemaster-c6189/locations/-/functions 200
[debug] [2025-11-29T07:05:26.839Z] <<< [apiv2][body] GET https://cloudfunctions.googleapis.com/v2/projects/timemaster-c6189/locations/-/functions {"functions":[{"name":"projects/timemaster-c6189/locations/us-central1/functions/findUserByFace","buildConfig":{"build":"projects/820539638477/locations/us-central1/builds/4e7b3f76-3532-4861-8196-d29b19e3302c","runtime":"nodejs20","entryPoint":"findUserByFace","source":{"storageSource":{"bucket":"gcf-v2-sources-820539638477-us-central1","object":"findUserByFace/function-source.zip","generation":"1763731267096623"}},"environmentVariables":{"GOOGLE_NODE_RUN_SCRIPTS":""},"dockerRepository":"projects/timemaster-c6189/locations/us-central1/repositories/gcf-artifacts","sourceProvenance":{"resolvedStorageSource":{"bucket":"gcf-v2-sources-820539638477-us-central1","object":"findUserByFace/function-source.zip","generation":"1763731267096623"}},"dockerRegistry":"ARTIFACT_REGISTRY","serviceAccount":"projects/timemaster-c6189/serviceAccounts/820539638477-compute@developer.gserviceaccount.com","automaticUpdatePolicy":{}},"state":"UNKNOWN","updateTime":"2025-11-22T09:05:55.266215984Z","labels":{"firebase-functions-hash":"c47824630dfa794d81f451c5d1bc9c6b45068c8c","deployment-tool":"cli-firebase","deployment-callable":"true"},"stateMessages":[{"severity":"ERROR","type":"CloudRunServiceNotFound","message":"Cloud Run service projects/timemaster-c6189/locations/us-central1/services/finduserbyface for the function was not found. The function will not work correctly. Please redeploy."}],"environment":"GEN_2","url":"https://us-central1-timemaster-c6189.cloudfunctions.net/findUserByFace","createTime":"2025-11-21T13:21:07.581851078Z","satisfiesPzi":true},{"name":"projects/timemaster-c6189/locations/us-central1/functions/setupUserFaceEmbeddings","buildConfig":{"build":"projects/820539638477/locations/us-central1/builds/81a44780-3e61-4f64-aa5e-86f2b880876e","runtime":"nodejs20","entryPoint":"setupUserFaceEmbeddings","source":{"storageSource":{"bucket":"gcf-v2-sources-820539638477-us-central1","object":"setupUserFaceEmbeddings/function-source.zip","generation":"1763886214353079"}},"environmentVariables":{"GOOGLE_NODE_RUN_SCRIPTS":""},"dockerRepository":"projects/timemaster-c6189/locations/us-central1/repositories/gcf-artifacts","sourceProvenance":{"resolvedStorageSource":{"bucket":"gcf-v2-sources-820539638477-us-central1","object":"setupUserFaceEmbeddings/function-source.zip","generation":"1763886214353079"}},"dockerRegistry":"ARTIFACT_REGISTRY","serviceAccount":"projects/timemaster-c6189/serviceAccounts/820539638477-compute@developer.gserviceaccount.com","automaticUpdatePolicy":{}},"serviceConfig":{"service":"projects/timemaster-c6189/locations/us-central1/services/setupuserfaceembeddings","timeoutSeconds":60,"environmentVariables":{"FIREBASE_CONFIG":"{\"projectId\":\"timemaster-c6189\",\"storageBucket\":\"timemaster-c6189.firebasestorage.app\"}","GCLOUD_PROJECT":"timemaster-c6189","EVENTARC_CLOUD_EVENT_SOURCE":"projects/timemaster-c6189/locations/us-central1/services/setupUserFaceEmbeddings","FUNCTION_TARGET":"setupUserFaceEmbeddings","LOG_EXECUTION_ID":"true"},"ingressSettings":"ALLOW_ALL","uri":"https://setupuserfaceembeddings-22jk4w6wna-uc.a.run.app","serviceAccountEmail":"820539638477-compute@developer.gserviceaccount.com","availableMemory":"256Mi","allTrafficOnLatestRevision":true,"revision":"setupuserfaceembeddings-00003-zij","maxInstanceRequestConcurrency":80,"availableCpu":"1"},"state":"ACTIVE","updateTime":"2025-11-23T08:24:58.264673196Z","labels":{"deployment-tool":"cli-firebase","deployment-callable":"true","firebase-functions-hash":"9dc07261d52fc8a5e8970dbfb114d2968862e8cc"},"environment":"GEN_2","url":"https://us-central1-timemaster-c6189.cloudfunctions.net/setupUserFaceEmbeddings","createTime":"2025-11-23T02:11:29.171560094Z","satisfiesPzi":true},{"name":"projects/timemaster-c6189/locations/us-central1/functions/recognizeAttendance","buildConfig":{"build":"projects/820539638477/locations/us-central1/builds/81a44780-3e61-4f64-aa5e-86f2b880876e","runtime":"nodejs20","entryPoint":"recognizeAttendance","source":{"storageSource":{"bucket":"gcf-v2-sources-820539638477-us-central1","object":"recognizeAttendance/function-source.zip","generation":"1763886281822901"}},"environmentVariables":{"GOOGLE_NODE_RUN_SCRIPTS":""},"dockerRepository":"projects/timemaster-c6189/locations/us-central1/repositories/gcf-artifacts","sourceProvenance":{"resolvedStorageSource":{"bucket":"gcf-v2-sources-820539638477-us-central1","object":"recognizeAttendance/function-source.zip","generation":"1763886281822901"}},"dockerRegistry":"ARTIFACT_REGISTRY","serviceAccount":"projects/timemaster-c6189/serviceAccounts/820539638477-compute@developer.gserviceaccount.com","automaticUpdatePolicy":{}},"serviceConfig":{"service":"projects/timemaster-c6189/locations/us-central1/services/recognizeattendance","timeoutSeconds":60,"environmentVariables":{"FIREBASE_CONFIG":"{\"projectId\":\"timemaster-c6189\",\"storageBucket\":\"timemaster-c6189.firebasestorage.app\"}","GCLOUD_PROJECT":"timemaster-c6189","EVENTARC_CLOUD_EVENT_SOURCE":"projects/timemaster-c6189/locations/us-central1/services/recognizeAttendance","FUNCTION_TARGET":"recognizeAttendance","LOG_EXECUTION_ID":"true","FUNCTION_SIGNATURE_TYPE":"http"},"ingressSettings":"ALLOW_ALL","uri":"https://recognizeattendance-22jk4w6wna-uc.a.run.app","serviceAccountEmail":"820539638477-compute@developer.gserviceaccount.com","availableMemory":"256Mi","allTrafficOnLatestRevision":true,"revision":"recognizeattendance-00003-bec","maxInstanceRequestConcurrency":80,"availableCpu":"1"},"state":"ACTIVE","updateTime":"2025-11-23T08:24:57.453825030Z","labels":{"firebase-functions-hash":"9dc07261d52fc8a5e8970dbfb114d2968862e8cc","deployment-tool":"cli-firebase","deployment-callable":"true"},"environment":"GEN_2","url":"https://us-central1-timemaster-c6189.cloudfunctions.net/recognizeAttendance","createTime":"2025-11-23T02:12:46.937423665Z","satisfiesPzi":true}]}
[debug] [2025-11-29T07:05:26.843Z] Checked if tokens are valid: true, expires at: 1764403513999
[debug] [2025-11-29T07:05:26.844Z] Checked if tokens are valid: true, expires at: 1764403513999
[debug] [2025-11-29T07:05:26.844Z] >>> [apiv2][query] GET https://cloudresourcemanager.googleapis.com/v1/projects/timemaster-c6189 [none]
[debug] [2025-11-29T07:05:27.814Z] <<< [apiv2][status] GET https://cloudresourcemanager.googleapis.com/v1/projects/timemaster-c6189 200
[debug] [2025-11-29T07:05:27.814Z] <<< [apiv2][body] GET https://cloudresourcemanager.googleapis.com/v1/projects/timemaster-c6189 {"projectNumber":"820539638477","projectId":"timemaster-c6189","lifecycleState":"ACTIVE","name":"TimeMaster","labels":{"firebase":"enabled","firebase-core":"disabled"},"createTime":"2025-11-04T06:42:22.635280Z"}
[debug] [2025-11-29T07:05:27.814Z] Checked if tokens are valid: true, expires at: 1764403513999
[debug] [2025-11-29T07:05:27.815Z] Checked if tokens are valid: true, expires at: 1764403513999
[debug] [2025-11-29T07:05:27.815Z] >>> [apiv2][query] GET https://compute.googleapis.com/compute/v1/projects/820539638477 [none]
[debug] [2025-11-29T07:05:28.189Z] <<< [apiv2][status] GET https://compute.googleapis.com/compute/v1/projects/820539638477 403
[debug] [2025-11-29T07:05:28.189Z] <<< [apiv2][body] GET https://compute.googleapis.com/compute/v1/projects/820539638477 {"error":{"code":403,"message":"Compute Engine API has not been used in project 820539638477 before or it is disabled. Enable it by visiting https://console.developers.google.com/apis/api/compute.googleapis.com/overview?project=820539638477 then retry. If you enabled this API recently, wait a few minutes for the action to propagate to our systems and retry.","errors":[{"message":"Compute Engine API has not been used in project 820539638477 before or it is disabled. Enable it by visiting https://console.developers.google.com/apis/api/compute.googleapis.com/overview?project=820539638477 then retry. If you enabled this API recently, wait a few minutes for the action to propagate to our systems and retry.","domain":"usageLimits","reason":"accessNotConfigured","extendedHelp":"https://console.developers.google.com"}],"status":"PERMISSION_DENIED","details":[{"@type":"type.googleapis.com/google.rpc.ErrorInfo","reason":"SERVICE_DISABLED","domain":"googleapis.com","metadata":{"consumer":"projects/820539638477","serviceTitle":"Compute Engine API","containerInfo":"820539638477","service":"compute.googleapis.com","activationUrl":"https://console.developers.google.com/apis/api/compute.googleapis.com/overview?project=820539638477"}},{"@type":"type.googleapis.com/google.rpc.LocalizedMessage","locale":"en-US","message":"Compute Engine API has not been used in project 820539638477 before or it is disabled. Enable it by visiting https://console.developers.google.com/apis/api/compute.googleapis.com/overview?project=820539638477 then retry. If you enabled this API recently, wait a few minutes for the action to propagate to our systems and retry."},{"@type":"type.googleapis.com/google.rpc.Help","links":[{"description":"Google developers console API activation","url":"https://console.developers.google.com/apis/api/compute.googleapis.com/overview?project=820539638477"}]}]}}
[debug] [2025-11-29T07:05:28.190Z] unable to look up default compute service account. Falling back to 820539638477-compute@developer.gserviceaccount.com. Error: {"name":"FirebaseError","children":[],"context":{"body":{"error":{"code":403,"message":"Compute Engine API has not been used in project 820539638477 before or it is disabled. Enable it by visiting https://console.developers.google.com/apis/api/compute.googleapis.com/overview?project=820539638477 then retry. If you enabled this API recently, wait a few minutes for the action to propagate to our systems and retry.","errors":[{"message":"Compute Engine API has not been used in project 820539638477 before or it is disabled. Enable it by visiting https://console.developers.google.com/apis/api/compute.googleapis.com/overview?project=820539638477 then retry. If you enabled this API recently, wait a few minutes for the action to propagate to our systems and retry.","domain":"usageLimits","reason":"accessNotConfigured","extendedHelp":"https://console.developers.google.com"}],"status":"PERMISSION_DENIED","details":[{"@type":"type.googleapis.com/google.rpc.ErrorInfo","reason":"SERVICE_DISABLED","domain":"googleapis.com","metadata":{"consumer":"projects/820539638477","serviceTitle":"Compute Engine API","containerInfo":"820539638477","service":"compute.googleapis.com","activationUrl":"https://console.developers.google.com/apis/api/compute.googleapis.com/overview?project=820539638477"}},{"@type":"type.googleapis.com/google.rpc.LocalizedMessage","locale":"en-US","message":"Compute Engine API has not been used in project 820539638477 before or it is disabled. Enable it by visiting https://console.developers.google.com/apis/api/compute.googleapis.com/overview?project=820539638477 then retry. If you enabled this API recently, wait a few minutes for the action to propagate to our systems and retry."},{"@type":"type.googleapis.com/google.rpc.Help","links":[{"description":"Google developers console API activation","url":"https://console.developers.google.com/apis/api/compute.googleapis.com/overview?project=820539638477"}]}]}},"response":{"statusCode":403}},"exit":1,"message":"Request to https://compute.googleapis.com/compute/v1/projects/820539638477 had HTTP Error: 403, Compute Engine API has not been used in project 820539638477 before or it is disabled. Enable it by visiting https://console.developers.google.com/apis/api/compute.googleapis.com/overview?project=820539638477 then retry. If you enabled this API recently, wait a few minutes for the action to propagate to our systems and retry.","status":403}
[debug] [2025-11-29T07:05:28.192Z] Checked if tokens are valid: true, expires at: 1764403513999
[debug] [2025-11-29T07:05:28.192Z] Checked if tokens are valid: true, expires at: 1764403513999
[debug] [2025-11-29T07:05:28.193Z] >>> [apiv2][query] POST https://cloudfunctions.googleapis.com/v1/projects/timemaster-c6189/locations/us-central1/functions:generateUploadUrl [none]
[debug] [2025-11-29T07:05:28.193Z] >>> [apiv2][body] POST https://cloudfunctions.googleapis.com/v1/projects/timemaster-c6189/locations/us-central1/functions:generateUploadUrl {}
[debug] [2025-11-29T07:05:39.109Z] <<< [apiv2][status] POST https://cloudfunctions.googleapis.com/v1/projects/timemaster-c6189/locations/us-central1/functions:generateUploadUrl 200
[debug] [2025-11-29T07:05:39.109Z] <<< [apiv2][body] POST https://cloudfunctions.googleapis.com/v1/projects/timemaster-c6189/locations/us-central1/functions:generateUploadUrl {"uploadUrl":"https://storage.googleapis.com/uploads-1020196628710.us-central1.cloudfunctions.appspot.com/877c3877-8d02-479f-8668-0a5b5a1d4474.zip?GoogleAccessId=service-820539638477@gcf-admin-robot.iam.gserviceaccount.com&Expires=1764401729&Signature=RFmvcHy3S%2FoxExst8ww%2Fd7IuLxmYRGX6nU5eUJFMXK%2FAPYtJOVjR%2FYw0F5FAynU4ghHG0mTXIk1OVw5ip1CnL0kC9ZQHsnBnM6TtGhQ3xPu3nzDqBgz9w%2B67PFvl3b4o4a46n51NBRB9M%2Bg0l2J0LoOXRunEROouAQSr0SXCLMbhcIkEQuS8XOBonQeIK1id%2FwMbok6sVoFE2sMIBXGKSUHcSFXwjafYVG3s3Njxk1Dn0ZWpx7tf7pln4P%2FloQJgCkYQLtOdX%2FrX0u884eF8Bb2qmHAtqSJpYodO6CoqdPWlqXHwVTo8msS%2FETA9c%2FiShTNuQDEk1fjWYSBnvsAsLQ%3D%3D"}
[debug] [2025-11-29T07:05:39.110Z] >>> [apiv2][query] PUT https://storage.googleapis.com/uploads-1020196628710.us-central1.cloudfunctions.appspot.com/877c3877-8d02-479f-8668-0a5b5a1d4474.zip GoogleAccessId=service-820539638477%40gcf-admin-robot.iam.gserviceaccount.com&Expires=1764401729&Signature=RFmvcHy3S%2FoxExst8ww%2Fd7IuLxmYRGX6nU5eUJFMXK%2FAPYtJOVjR%2FYw0F5FAynU4ghHG0mTXIk1OVw5ip1CnL0kC9ZQHsnBnM6TtGhQ3xPu3nzDqBgz9w%2B67PFvl3b4o4a46n51NBRB9M%2Bg0l2J0LoOXRunEROouAQSr0SXCLMbhcIkEQuS8XOBonQeIK1id%2FwMbok6sVoFE2sMIBXGKSUHcSFXwjafYVG3s3Njxk1Dn0ZWpx7tf7pln4P%2FloQJgCkYQLtOdX%2FrX0u884eF8Bb2qmHAtqSJpYodO6CoqdPWlqXHwVTo8msS%2FETA9c%2FiShTNuQDEk1fjWYSBnvsAsLQ%3D%3D
[debug] [2025-11-29T07:05:39.110Z] >>> [apiv2][body] PUT https://storage.googleapis.com/uploads-1020196628710.us-central1.cloudfunctions.appspot.com/877c3877-8d02-479f-8668-0a5b5a1d4474.zip [stream]
[debug] [2025-11-29T07:05:39.671Z] <<< [apiv2][status] PUT https://storage.googleapis.com/uploads-1020196628710.us-central1.cloudfunctions.appspot.com/877c3877-8d02-479f-8668-0a5b5a1d4474.zip 200
[debug] [2025-11-29T07:05:39.671Z] <<< [apiv2][body] PUT https://storage.googleapis.com/uploads-1020196628710.us-central1.cloudfunctions.appspot.com/877c3877-8d02-479f-8668-0a5b5a1d4474.zip [omitted]
[info] +  functions: functions source uploaded successfully 
[info] 
The following functions are found in your project but do not exist in your local source code:
	recognizeAttendance(us-central1)
	setupUserFaceEmbeddings(us-central1)

If you are renaming a function or changing its region, it is recommended that you create the new function first before deleting the old one to prevent event loss. For more info, visit https://firebase.google.com/docs/functions/manage-functions#modify

